[apex-dashboard.pages.dev/index.html]
[apex-dashboard.pages.dev/_next/static/media/569ce4b8f30dc480-s.p.woff2]
[apex-dashboard.pages.dev/_next/static/media/93f479601ee12b01-s.p.woff2]
[apex-dashboard.pages.dev/_next/static/css/d13c00c6a1dc94c1.css]
[apex-dashboard.pages.dev/_next/static/css/7630fa60d43bc47c.css]
[apex-dashboard.pages.dev/_next/static/chunks/webpack-a1d885fd64db1768.js]
[apex-dashboard.pages.dev/_next/static/chunks/4bd1b696-e356ca5ba0218e27.js]
[apex-dashboard.pages.dev/_next/static/chunks/3794-e41d7b5ed2dbc158.js]
[apex-dashboard.pages.dev/_next/static/chunks/main-app-b6afff02c272279a.js]
[apex-dashboard.pages.dev/_next/static/chunks/6609-cb163718e066ee48.js]
[apex-dashboard.pages.dev/_next/static/chunks/app/layout-b9e47d019ce6be3a.js]
[apex-dashboard.pages.dev/_next/static/chunks/9055-8744da96081dcd99.js]
[apex-dashboard.pages.dev/_next/static/chunks/app/error-fe56fcfac1f56e04.js]
[apex-dashboard.pages.dev/_next/static/chunks/8500-f62a38ff68ab7f42.js]
[apex-dashboard.pages.dev/_next/static/chunks/app/(auth)/layout-5cdd3a42b319e8e8.js]
[apex-dashboard.pages.dev/_next/static/chunks/3646-9ce2b6a4c82988e2.js]
[apex-dashboard.pages.dev/_next/static/chunks/7188-971e3b9d465e3b19.js]
[apex-dashboard.pages.dev/_next/static/chunks/878-9c07beb9efafa5c9.js]
[apex-dashboard.pages.dev/_next/static/chunks/9854-276ca09e46366008.js]
[apex-dashboard.pages.dev/_next/static/chunks/4918-4cdb46a483858797.js]
[apex-dashboard.pages.dev/_next/static/chunks/7833-51156f7f9e9c2f84.js]
[apex-dashboard.pages.dev/_next/static/chunks/8221-736ca02f856dbb91.js]
[apex-dashboard.pages.dev/_next/static/chunks/8868-af4d803de61261b0.js]
[apex-dashboard.pages.dev/_next/static/chunks/5850-49c1143ae0ea3783.js]
[apex-dashboard.pages.dev/_next/static/chunks/app/(dashboard)/layout-0702d3f4edec6275.js]
[apex-dashboard.pages.dev/_next/static/chunks/app/(dashboard)/error-ae854706e9b65167.js]
[apex-dashboard.pages.dev/_next/static/chunks/965-6f0ac047ee753b01.js]
[apex-dashboard.pages.dev/_next/static/chunks/6702-48b90b64ccd2bf5b.js]
[apex-dashboard.pages.dev/_next/static/chunks/9705-0a404a9b4aecd60c.js]
[backblue.gif]
[fade.gif]
[index.html]
[apex-dashboard.pages.dev/_next/static/chunks/app/(dashboard)/page-64fd59e5d64fc204.js]
[apex-dashboard.pages.dev/faviconfe84.ico]
[apex-dashboard.pages.dev/_next/static/chunks/polyfills-42372ed130431b0a.js]
[apex-dashboard.pages.dev/analytics.html]
[apex-dashboard.pages.dev/ecommerce.html]
[apex-dashboard.pages.dev/crm.html]
[apex-dashboard.pages.dev/saas.html]
[apex-dashboard.pages.dev/charts.html]
[apex-dashboard.pages.dev/orders.html]
[apex-dashboard.pages.dev/products.html]
[apex-dashboard.pages.dev/customers.html]
[apex-dashboard.pages.dev/invoices.html]
[apex-dashboard.pages.dev/mail.html]
[apex-dashboard.pages.dev/chat.html]
[apex-dashboard.pages.dev/files.html]
[apex-dashboard.pages.dev/kanban.html]
[apex-dashboard.pages.dev/calendar.html]
[apex-dashboard.pages.dev/wizard.html]
[apex-dashboard.pages.dev/forms.html]
[apex-dashboard.pages.dev/billing.html]
[apex-dashboard.pages.dev/users.html]
[apex-dashboard.pages.dev/notifications.html]
[apex-dashboard.pages.dev/settings.html]
[apex-dashboard.pages.dev/support.html]
[apex-dashboard.pages.dev/docs.html]
[apex-dashboard.pages.dev/index.html]
[apex-dashboard.pages.dev/_next/static/css/d13c00c6a1dc94c1.css]
[apex-dashboard.pages.dev/_next/static/css/7630fa60d43bc47c.css]
[apex-dashboard.pages.dev/profile.html]
[apex-dashboard.pages.dev/_next/static/chunks/6197-57d095482164f59d.js]
[apex-dashboard.pages.dev/_next/static/chunks/2013-e45f6cb096b96779.js]
[apex-dashboard.pages.dev/_next/static/chunks/722-62a01b94d421e57f.js]
[apex-dashboard.pages.dev/_next/static/chunks/5319-21eeb20e86874c1d.js]
[apex-dashboard.pages.dev/_next/static/chunks/9673-8485149a3c105235.js]
[apex-dashboard.pages.dev/analytics.html]
[apex-dashboard.pages.dev/_next/static/chunks/app/(dashboard)/analytics/page-ce8987e142f84f64.js]
[apex-dashboard.pages.dev/_next/static/chunks/8440-62099b8d36753972.js]
[apex-dashboard.pages.dev/ecommerce.html]
[apex-dashboard.pages.dev/_next/static/chunks/app/(dashboard)/ecommerce/page-e29ad43a1a5c1651.js]
[apex-dashboard.pages.dev/crm.html]
[apex-dashboard.pages.dev/_next/static/chunks/app/(dashboard)/crm/page-5d0b0d885b02eac9.js]
[apex-dashboard.pages.dev/saas.html]
[apex-dashboard.pages.dev/_next/static/chunks/app/(dashboard)/saas/page-fab8c7a051d49006.js]
[apex-dashboard.pages.dev/_next/static/chunks/975-e2f47620e5b9246b.js]
[apex-dashboard.pages.dev/charts.html]
[apex-dashboard.pages.dev/_next/static/chunks/app/(dashboard)/charts/page-051e9c699f5f0a8b.js]
[apex-dashboard.pages.dev/_next/static/chunks/2342-fabd597b8e212a1a.js]
[apex-dashboard.pages.dev/_next/static/chunks/3839-c3a9de3e07b905b7.js]
[apex-dashboard.pages.dev/orders.html]
[apex-dashboard.pages.dev/_next/static/chunks/app/(dashboard)/orders/page-ddff9b27673aa95d.js]
[apex-dashboard.pages.dev/products.html]
[apex-dashboard.pages.dev/_next/static/chunks/app/(dashboard)/products/page-23fb4575b0351ff0.js]
[apex-dashboard.pages.dev/customers.html]
[apex-dashboard.pages.dev/_next/static/chunks/app/(dashboard)/customers/page-41708ddd6ca9da6d.js]
[apex-dashboard.pages.dev/invoices.html]
[apex-dashboard.pages.dev/_next/static/chunks/app/(dashboard)/invoices/page-9d1ee609407b110e.js]
[apex-dashboard.pages.dev/_next/static/chunks/348-5215a230272fd28c.js]
[apex-dashboard.pages.dev/mail.html]
[apex-dashboard.pages.dev/_next/static/chunks/app/(dashboard)/mail/page-c4d081b4f47b45f6.js]
[apex-dashboard.pages.dev/_next/static/chunks/1180-853fc7c96754bf9e.js]
[apex-dashboard.pages.dev/chat.html]
[apex-dashboard.pages.dev/_next/static/chunks/app/(dashboard)/chat/page-244782acf27c4bb2.js]
[apex-dashboard.pages.dev/_next/static/chunks/5882-8e3d38999943924c.js]
[apex-dashboard.pages.dev/files.html]
[apex-dashboard.pages.dev/_next/static/chunks/app/(dashboard)/files/page-b29118129580bd79.js]
[apex-dashboard.pages.dev/_next/static/chunks/602dbae6-bd90ad41cb87fa7b.js]
[apex-dashboard.pages.dev/_next/static/chunks/2-25372a40bae2d288.js]
[apex-dashboard.pages.dev/kanban.html]
[apex-dashboard.pages.dev/_next/static/chunks/app/(dashboard)/kanban/page-a2a00d9923492f3b.js]
[apex-dashboard.pages.dev/_next/static/chunks/9980-6b6e84d06b636198.js]
[apex-dashboard.pages.dev/calendar.html]
[apex-dashboard.pages.dev/_next/static/chunks/app/(dashboard)/calendar/page-4815e4aec1b53793.js]
[apex-dashboard.pages.dev/_next/static/chunks/2347-08a03ff1ac3135e0.js]
[apex-dashboard.pages.dev/_next/static/chunks/7361-24e301bb4375c32a.js]
[apex-dashboard.pages.dev/wizard.html]
[apex-dashboard.pages.dev/_next/static/chunks/app/(dashboard)/wizard/page-de9868c5324de899.js]
[apex-dashboard.pages.dev/_next/static/css/bdc8353fadd67def.css]
[apex-dashboard.pages.dev/_next/static/chunks/9842-bdbb502d97885be1.js]
[apex-dashboard.pages.dev/forms.html]
[apex-dashboard.pages.dev/_next/static/chunks/app/(dashboard)/forms/page-df842824229cda5e.js]
[apex-dashboard.pages.dev/billing.html]
[apex-dashboard.pages.dev/_next/static/chunks/app/(dashboard)/billing/page-ed7523bec3ed78c3.js]
[apex-dashboard.pages.dev/users.html]
[apex-dashboard.pages.dev/_next/static/chunks/app/(dashboard)/users/page-253d9e348984c782.js]
[apex-dashboard.pages.dev/notifications.html]
[apex-dashboard.pages.dev/_next/static/chunks/app/(dashboard)/notifications/page-a733acb0b395de5d.js]
[apex-dashboard.pages.dev/_next/static/chunks/5732-af02d9efd7ce4fe5.js]
[apex-dashboard.pages.dev/settings.html]
[apex-dashboard.pages.dev/_next/static/chunks/app/(dashboard)/settings/page-acd31f957e0cc47d.js]
[apex-dashboard.pages.dev/support.html]
[apex-dashboard.pages.dev/_next/static/chunks/app/(dashboard)/support/page-f0117918864869ce.js]
[apex-dashboard.pages.dev/_next/static/css/0ba5c1956fff4289.css]
[apex-dashboard.pages.dev/_next/static/chunks/app/docs/page-33d83eccfebed358.js]
[apex-dashboard.pages.dev/_next/static/chunks/app/docs/layout-12eafc4afcda8dce.js]
[apex-dashboard.pages.dev/docs/getting-started.html]
[apex-dashboard.pages.dev/docs/folder-structure.html]
[apex-dashboard.pages.dev/docs/theming.html]
[apex-dashboard.pages.dev/docs/adding-pages.html]
[apex-dashboard.pages.dev/docs/components.html]
[apex-dashboard.pages.dev/docs/charts.html]
[apex-dashboard.pages.dev/docs/i18n.html]
[apex-dashboard.pages.dev/docs/storybook.html]
[apex-dashboard.pages.dev/docs/testing.html]
[apex-dashboard.pages.dev/docs/deployment.html]
[apex-dashboard.pages.dev/docs/seed-starter.html]
[apex-dashboard.pages.dev/docs.html]
[apex-dashboard.pages.dev/docs/changelog.html]
[apex-dashboard.pages.dev/_next/static/chunks/6719-f090bc9c48029ead.js]
[apex-dashboard.pages.dev/profile.html]
[apex-dashboard.pages.dev/_next/static/css/bdc8353fadd67def.css]
[apex-dashboard.pages.dev/_next/static/css/0ba5c1956fff4289.css]
[apex-dashboard.pages.dev/_next/static/chunks/app/(dashboard)/profile/page-515f3177cd0d710c.js]
[apex-dashboard.pages.dev/docs/getting-started.html]
[apex-dashboard.pages.dev/_next/static/chunks/app/docs/getting-started/page-33d83eccfebed358.js]
[apex-dashboard.pages.dev/docs/folder-structure.html]
[apex-dashboard.pages.dev/_next/static/chunks/app/docs/folder-structure/page-33d83eccfebed358.js]
[apex-dashboard.pages.dev/docs/theming.html]
[apex-dashboard.pages.dev/_next/static/chunks/app/docs/theming/page-33d83eccfebed358.js]
[apex-dashboard.pages.dev/docs/adding-pages.html]
[apex-dashboard.pages.dev/_next/static/chunks/app/docs/adding-pages/page-33d83eccfebed358.js]
[apex-dashboard.pages.dev/docs/components.html]
[apex-dashboard.pages.dev/_next/static/chunks/app/docs/components/page-33d83eccfebed358.js]
[apex-dashboard.pages.dev/docs/charts.html]
[apex-dashboard.pages.dev/_next/static/chunks/app/docs/charts/page-33d83eccfebed358.js]
[apex-dashboard.pages.dev/docs/i18n.html]
[apex-dashboard.pages.dev/_next/static/chunks/app/docs/i18n/page-33d83eccfebed358.js]
[apex-dashboard.pages.dev/docs/storybook.html]
[apex-dashboard.pages.dev/_next/static/chunks/app/docs/storybook/page-33d83eccfebed358.js]
[apex-dashboard.pages.dev/docs/testing.html]
[apex-dashboard.pages.dev/_next/static/chunks/app/docs/testing/page-33d83eccfebed358.js]
[apex-dashboard.pages.dev/docs/deployment.html]
[apex-dashboard.pages.dev/_next/static/chunks/app/docs/deployment/page-33d83eccfebed358.js]
[apex-dashboard.pages.dev/docs/seed-starter.html]
[apex-dashboard.pages.dev/_next/static/chunks/app/docs/seed-starter/page-33d83eccfebed358.js]
[apex-dashboard.pages.dev/docs/changelog.html]
[apex-dashboard.pages.dev/_next/static/chunks/app/docs/changelog/page-33d83eccfebed358.js]
