[htmldemo.net/sinrato/sinrato/index-3.html]
[backblue.gif]
[fade.gif]
[index.html]
[htmldemo.net/sinrato/sinrato/assets/img/icon/favicon.ico]
[htmldemo.net/sinrato/sinrato/assets/css/bootstrap.min.css]
[htmldemo.net/sinrato/sinrato/assets/css/font-awesome.min.css]
[htmldemo.net/sinrato/sinrato/assets/css/linear-icon.css]
[htmldemo.net/sinrato/sinrato/assets/css/plugins.css]
[htmldemo.net/sinrato/sinrato/assets/css/default.css]
[htmldemo.net/sinrato/sinrato/assets/css/style.css]
[htmldemo.net/sinrato/sinrato/assets/css/responsive.css]
[htmldemo.net/sinrato/sinrato/assets/js/vendor/modernizr-3.5.0.min.js]
[htmldemo.net/sinrato/sinrato/register.html]
[htmldemo.net/sinrato/sinrato/login.html]
[htmldemo.net/sinrato/sinrato/assets/img/icon/en.png]
[htmldemo.net/sinrato/sinrato/assets/img/icon/ge.png]
[htmldemo.net/sinrato/sinrato/index.html]
[htmldemo.net/sinrato/sinrato/assets/img/logo/logo-sinrato.png]
[htmldemo.net/sinrato/sinrato/compare.html]
[htmldemo.net/sinrato/sinrato/wishlist.html]
[htmldemo.net/sinrato/sinrato/product-details.html]
[htmldemo.net/sinrato/sinrato/assets/img/cart/cart-1.jpg]
[htmldemo.net/sinrato/sinrato/cart.html]
[htmldemo.net/sinrato/sinrato/checkout.html]
[htmldemo.net/sinrato/sinrato/assets/img/icon/icon1.png]
[htmldemo.net/sinrato/sinrato/shop-grid-left-sidebar.html]
[htmldemo.net/sinrato/sinrato/shop-grid-right-sidebar.html]
[htmldemo.net/sinrato/sinrato/shop-grid-full-width.html]
[htmldemo.net/sinrato/sinrato/shop-list-left-sidebar.html]
[htmldemo.net/sinrato/sinrato/shop-list-right-sidebar.html]
[htmldemo.net/sinrato/sinrato/shop-list-full-width.html]
[htmldemo.net/sinrato/sinrato/product-details-variable.html]
[htmldemo.net/sinrato/sinrato/product-details-external.html]
[htmldemo.net/sinrato/sinrato/product-details-group.html]
[htmldemo.net/sinrato/sinrato/assets/img/icon/icon2.png]
[htmldemo.net/sinrato/sinrato/assets/img/icon/icon3.png]
[htmldemo.net/sinrato/sinrato/assets/img/icon/icon4.png]
[htmldemo.net/sinrato/sinrato/assets/img/icon/icon5.png]
[htmldemo.net/sinrato/sinrato/assets/img/icon/icon6.png]
[htmldemo.net/sinrato/sinrato/assets/img/icon/icon7.png]
[htmldemo.net/sinrato/sinrato/assets/img/slider/slider1-home3.jpg]
[htmldemo.net/sinrato/sinrato/assets/img/slider/slider2-home3.jpg]
[htmldemo.net/sinrato/sinrato/assets/img/banner/img1-top-sinrato3.jpg]
[htmldemo.net/sinrato/sinrato/assets/img/banner/img2-top-sinrato3.jpg]
[htmldemo.net/sinrato/sinrato/assets/img/banner/img3-top-sinrato3.jpg]
[htmldemo.net/sinrato/sinrato/assets/img/product/product-1.jpg]
[htmldemo.net/sinrato/sinrato/assets/img/product/product-2.jpg]
[htmldemo.net/sinrato/sinrato/assets/img/product/product-3.jpg]
[htmldemo.net/sinrato/sinrato/assets/img/product/product-4.jpg]
[htmldemo.net/sinrato/sinrato/assets/img/product/product-5.jpg]
[htmldemo.net/sinrato/sinrato/assets/img/product/product-6.jpg]
[htmldemo.net/sinrato/sinrato/assets/img/product/product-8.jpg]
[htmldemo.net/sinrato/sinrato/assets/img/product/product-9.jpg]
[htmldemo.net/sinrato/sinrato/assets/img/product/product-10.jpg]
[htmldemo.net/sinrato/sinrato/assets/img/product/product-11.jpg]
[htmldemo.net/sinrato/sinrato/assets/img/product/product-12.jpg]
[htmldemo.net/sinrato/sinrato/assets/img/product/product-13.jpg]
[htmldemo.net/sinrato/sinrato/assets/img/product/product-7.jpg]
[htmldemo.net/sinrato/sinrato/assets/img/banner/img-middle-sinrato3.jpg]
[htmldemo.net/sinrato/sinrato/assets/img/product/img-module1.jpg]
[htmldemo.net/sinrato/sinrato/assets/img/icon/wrapper1.png]
[htmldemo.net/sinrato/sinrato/assets/img/icon/wrapper2.png]
[htmldemo.net/sinrato/sinrato/assets/img/icon/wrapper3.png]
[htmldemo.net/sinrato/sinrato/assets/img/icon/wrapper4.png]
[htmldemo.net/sinrato/sinrato/assets/img/icon/wrapper5.png]
[htmldemo.net/sinrato/sinrato/assets/img/banner/img-module2.jpg]
[htmldemo.net/sinrato/sinrato/assets/img/banner/img-module3.jpg]
[htmldemo.net/sinrato/sinrato/assets/img/banner/img1-middle-sinrato1.jpg]
[htmldemo.net/sinrato/sinrato/assets/img/banner/img2-middle-sinrato1.jpg]
[htmldemo.net/sinrato/sinrato/assets/img/brand/brand1.png]
[htmldemo.net/sinrato/sinrato/assets/img/brand/brand2.png]
[htmldemo.net/sinrato/sinrato/assets/img/brand/brand3.png]
[htmldemo.net/sinrato/sinrato/assets/img/brand/brand4.png]
[htmldemo.net/sinrato/sinrato/assets/img/brand/brand5.png]
[htmldemo.net/sinrato/sinrato/assets/img/brand/brand6.png]
[htmldemo.net/sinrato/sinrato/assets/img/payment/payment.png]
[htmldemo.net/sinrato/sinrato/about.html]
[htmldemo.net/sinrato/sinrato/assets/js/vendor/jquery-1.12.4.min.js]
[htmldemo.net/sinrato/sinrato/assets/js/bootstrap.min.js]
[htmldemo.net/sinrato/sinrato/assets/js/plugins.js]
[htmldemo.net/sinrato/sinrato/assets/js/ajax-mail.js]
[htmldemo.net/sinrato/sinrato/index-3.html]
[htmldemo.net/sinrato/sinrato/assets/css/bootstrap.min.css]
[htmldemo.net/sinrato/sinrato/assets/js/main.js]
[htmldemo.net/sinrato/sinrato/assets/fonts/fontawesome-webfont3e6e.eot]
[htmldemo.net/sinrato/sinrato/assets/fonts/fontawesome-webfontd41d.eot]
[htmldemo.net/sinrato/sinrato/assets/fonts/fontawesome-webfont3e6e.woff2]
[htmldemo.net/sinrato/sinrato/assets/fonts/fontawesome-webfont3e6e.woff]
[htmldemo.net/sinrato/sinrato/assets/fonts/fontawesome-webfont3e6e.ttf]
[htmldemo.net/sinrato/sinrato/assets/css/font-awesome.min.css]
[htmldemo.net/sinrato/sinrato/assets/fonts/fontawesome-webfont3e6e.svg]
[htmldemo.net/sinrato/sinrato/assets/fonts/Linearicons-Free54e9.eot]
[htmldemo.net/sinrato/sinrato/assets/fonts/Linearicons-Freed41d.eot]
[htmldemo.net/sinrato/sinrato/assets/fonts/Linearicons-Free54e9.woff2]
[htmldemo.net/sinrato/sinrato/assets/fonts/Linearicons-Free54e9.woff]
[htmldemo.net/sinrato/sinrato/assets/fonts/Linearicons-Free54e9.ttf]
[htmldemo.net/sinrato/sinrato/assets/css/linear-icon.css]
[htmldemo.net/sinrato/sinrato/assets/fonts/Linearicons-Free54e9.svg]
[htmldemo.net/sinrato/sinrato/assets/css/owl.video.play.png]
[htmldemo.net/sinrato/sinrato/assets/css/images/ui-bg_glass_75_dadada_1x400.png]
[htmldemo.net/sinrato/sinrato/assets/css/images/ui-bg_glass_65_ffffff_1x400.png]
[htmldemo.net/sinrato/sinrato/assets/css/images/ui-bg_glass_55_fbf9ee_1x400.png]
[htmldemo.net/sinrato/sinrato/assets/css/images/ui-bg_glass_95_fef1ec_1x400.png]
[htmldemo.net/sinrato/sinrato/assets/css/images/ui-icons_222222_256x240.png]
[htmldemo.net/sinrato/sinrato/assets/css/images/ui-icons_888888_256x240.png]
[htmldemo.net/sinrato/sinrato/assets/css/images/ui-icons_454545_256x240.png]
[htmldemo.net/sinrato/sinrato/assets/css/images/ui-icons_2e83ff_256x240.png]
[htmldemo.net/sinrato/sinrato/assets/css/images/ui-icons_cd0a0a_256x240.png]
[htmldemo.net/sinrato/sinrato/assets/css/images/ui-bg_flat_0_aaaaaa_40x100.png]
[htmldemo.net/sinrato/sinrato/assets/css/plugins.css]
[htmldemo.net/sinrato/sinrato/assets/css/default.css]
[htmldemo.net/sinrato/sinrato/assets/img/icon/icon_ttm.png]
[htmldemo.net/sinrato/sinrato/assets/img/icon/3col.png]
[htmldemo.net/sinrato/sinrato/assets/img/icon/4col.png]
[htmldemo.net/sinrato/sinrato/assets/img/icon/list.png]
[htmldemo.net/sinrato/sinrato/assets/css/style.css]
[htmldemo.net/sinrato/sinrato/assets/css/responsive.css]
[htmldemo.net/sinrato/sinrato/index-2.html]
[htmldemo.net/sinrato/sinrato/index-4.html]
[htmldemo.net/sinrato/sinrato/shop-grid-left-sidebar-4-column.html]
[htmldemo.net/sinrato/sinrato/shop-grid-right-sidebar-4-column.html]
[htmldemo.net/sinrato/sinrato/shop-grid-full-width-3-column.html]
[htmldemo.net/sinrato/sinrato/shop-grid-full-width-4-column.html]
[htmldemo.net/sinrato/sinrato/tab-style-one.html]
[htmldemo.net/sinrato/sinrato/product-details-gallery-left.html]
[htmldemo.net/sinrato/sinrato/product-details-gallery-right.html]
[htmldemo.net/sinrato/sinrato/sticky-left-sidebar.html]
[htmldemo.net/sinrato/sinrato/sticky-right-sidebar.html]
[htmldemo.net/sinrato/sinrato/product-details-slider-box.html]
[htmldemo.net/sinrato/sinrato/my-account.html]
[htmldemo.net/sinrato/sinrato/contact-us.html]
[htmldemo.net/sinrato/sinrato/blog-left-sidebar-3.html]
[htmldemo.net/sinrato/sinrato/blog-left-sidebar-4.html]
[htmldemo.net/sinrato/sinrato/blog-right-sidebar-3.html]
[htmldemo.net/sinrato/sinrato/blog-right-sidebar-4.html]
[htmldemo.net/sinrato/sinrato/blog-full-3-column.html]
[htmldemo.net/sinrato/sinrato/blog-full-4-column.html]
[htmldemo.net/sinrato/sinrato/blog-full-5-column.html]
[htmldemo.net/sinrato/sinrato/blog-details.html]
[htmldemo.net/sinrato/sinrato/blog-details-audio.html]
[htmldemo.net/sinrato/sinrato/blog-details-gallery.html]
[htmldemo.net/sinrato/sinrato/blog-details-video.html]
[htmldemo.net/sinrato/sinrato/register.html]
[htmldemo.net/sinrato/sinrato/login.html]
[htmldemo.net/sinrato/sinrato/blog-details-right-sidebar.html]
[htmldemo.net/sinrato/sinrato/assets/img/slider/slider1-home1.jpg]
[htmldemo.net/sinrato/sinrato/assets/img/slider/slider2-home1.jpg]
[htmldemo.net/sinrato/sinrato/assets/img/banner/img1-top-sinrato1.jpg]
[htmldemo.net/sinrato/sinrato/assets/img/banner/img2-top-sinrato1.jpg]
[htmldemo.net/sinrato/sinrato/assets/img/banner/img3-top-sinrato1.jpg]
[htmldemo.net/sinrato/sinrato/assets/img/product/pro-layout-img1.jpg]
[htmldemo.net/sinrato/sinrato/assets/img/product/pro-layout-img2.jpg]
[htmldemo.net/sinrato/sinrato/assets/img/product/pro-layout-img3.jpg]
[htmldemo.net/sinrato/sinrato/assets/img/product/pro-layout-img4.jpg]
[htmldemo.net/sinrato/sinrato/assets/img/product/pro-layout-img5.jpg]
[htmldemo.net/sinrato/sinrato/assets/img/product/pro-layout-img6.jpg]
[htmldemo.net/sinrato/sinrato/assets/img/product/pro-layout-img7.jpg]
[htmldemo.net/sinrato/sinrato/assets/img/product/pro-layout-img8.jpg]
[htmldemo.net/sinrato/sinrato/assets/img/product/pro-layout-img9.jpg]
[htmldemo.net/sinrato/sinrato/assets/img/product/pro-layout-img10.jpg]
[htmldemo.net/sinrato/sinrato/assets/img/product/product-14.jpg]
[htmldemo.net/sinrato/sinrato/assets/img/banner/img-bottom-sinrato1.jpg]
[htmldemo.net/sinrato/sinrato/index.html]
[htmldemo.net/sinrato/sinrato/compare.html]
[htmldemo.net/sinrato/sinrato/wishlist.html]
[htmldemo.net/sinrato/sinrato/product-details.html]
[htmldemo.net/sinrato/sinrato/cart.html]
[htmldemo.net/sinrato/sinrato/checkout.html]
[htmldemo.net/sinrato/sinrato/assets/img/banner/img-static-sidebar.jpg]
[htmldemo.net/sinrato/sinrato/assets/img/banner/category-image.jpg]
[htmldemo.net/sinrato/sinrato/shop-grid-left-sidebar.html]
[htmldemo.net/sinrato/sinrato/shop-grid-right-sidebar.html]
[htmldemo.net/sinrato/sinrato/shop-grid-full-width.html]
[htmldemo.net/sinrato/sinrato/shop-list-left-sidebar.html]
[htmldemo.net/sinrato/sinrato/shop-list-right-sidebar.html]
[htmldemo.net/sinrato/sinrato/shop-list-full-width.html]
[htmldemo.net/sinrato/sinrato/product-details-variable.html]
[htmldemo.net/sinrato/sinrato/product-details-external.html]
[htmldemo.net/sinrato/sinrato/product-details-group.html]
[htmldemo.net/sinrato/sinrato/about.html]
[htmldemo.net/sinrato/sinrato/assets/fonts/fontawesome-webfont3e6e.svg]
[htmldemo.net/sinrato/sinrato/assets/fonts/Linearicons-Free54e9.svg]
[htmldemo.net/sinrato/sinrato/assets/css/owl.video.play.html]
[htmldemo.net/sinrato/sinrato/assets/css/images/ui-bg_glass_75_dadada_1x400.html]
[htmldemo.net/sinrato/sinrato/assets/css/images/ui-bg_glass_65_ffffff_1x400.html]
[htmldemo.net/sinrato/sinrato/assets/css/images/ui-bg_glass_55_fbf9ee_1x400.html]
[htmldemo.net/sinrato/sinrato/assets/css/images/ui-bg_glass_95_fef1ec_1x400.html]
[htmldemo.net/sinrato/sinrato/assets/css/images/ui-icons_222222_256x240.html]
[htmldemo.net/sinrato/sinrato/assets/css/images/ui-icons_888888_256x240.html]
[htmldemo.net/sinrato/sinrato/assets/css/images/ui-icons_454545_256x240.html]
[htmldemo.net/sinrato/sinrato/assets/css/images/ui-icons_2e83ff_256x240.html]
[htmldemo.net/sinrato/sinrato/assets/css/images/ui-icons_cd0a0a_256x240.html]
[htmldemo.net/sinrato/sinrato/assets/css/images/ui-bg_flat_0_aaaaaa_40x100.html]
[htmldemo.net/sinrato/sinrato/assets/img/logo/logo-sinrato2.png]
[htmldemo.net/sinrato/sinrato/assets/img/slider/slider1-home2.jpg]
[htmldemo.net/sinrato/sinrato/assets/img/slider/slider2-home2.jpg]
[htmldemo.net/sinrato/sinrato/assets/img/banner/img1-top-sinrato2.jpg]
[htmldemo.net/sinrato/sinrato/assets/img/banner/img2-top-sinrato2.jpg]
[htmldemo.net/sinrato/sinrato/assets/img/blog/blog1.jpg]
[htmldemo.net/sinrato/sinrato/assets/img/blog/blog2.jpg]
[htmldemo.net/sinrato/sinrato/assets/img/testimonial/testimonial1.png]
[htmldemo.net/sinrato/sinrato/assets/img/testimonial/testimonial2.png]
[htmldemo.net/sinrato/sinrato/index-2.html]
[htmldemo.net/sinrato/sinrato/assets/img/brand/brand7.png]
[htmldemo.net/sinrato/sinrato/assets/img/slider/slider1-home4.jpg]
[htmldemo.net/sinrato/sinrato/assets/img/slider/slider2-home4.jpg]
[htmldemo.net/sinrato/sinrato/assets/img/blog/blog3.jpg]
[htmldemo.net/sinrato/sinrato/assets/img/blog/blog4.jpg]
[htmldemo.net/sinrato/sinrato/assets/img/blog/blog5.jpg]
[htmldemo.net/sinrato/sinrato/assets/img/blog/blog6.jpg]
[htmldemo.net/sinrato/sinrato/index-4.html]
[htmldemo.net/sinrato/sinrato/shop-grid-left-sidebar-4-column.html]
[htmldemo.net/sinrato/sinrato/shop-grid-right-sidebar-4-column.html]
[htmldemo.net/sinrato/sinrato/shop-grid-full-width-3-column.html]
[htmldemo.net/sinrato/sinrato/shop-grid-full-width-4-column.html]
[htmldemo.net/sinrato/sinrato/tab-style-one.html]
[htmldemo.net/sinrato/sinrato/product-details-gallery-left.html]
[htmldemo.net/sinrato/sinrato/product-details-gallery-right.html]
[htmldemo.net/sinrato/sinrato/sticky-left-sidebar.html]
[htmldemo.net/sinrato/sinrato/sticky-right-sidebar.html]
[htmldemo.net/sinrato/sinrato/product-details-slider-box.html]
[htmldemo.net/sinrato/sinrato/my-account.html]
[htmldemo.net/sinrato/sinrato/contact-us.html]
[htmldemo.net/sinrato/sinrato/blog-left-sidebar-3.html]
[htmldemo.net/sinrato/sinrato/blog-left-sidebar-4.html]
[htmldemo.net/sinrato/sinrato/blog-right-sidebar-3.html]
[htmldemo.net/sinrato/sinrato/blog-right-sidebar-4.html]
[htmldemo.net/sinrato/sinrato/blog-full-3-column.html]
[htmldemo.net/sinrato/sinrato/blog-full-4-column.html]
[htmldemo.net/sinrato/sinrato/blog-full-5-column.html]
[htmldemo.net/sinrato/sinrato/assets/img/blog/blog8.jpg]
[htmldemo.net/sinrato/sinrato/assets/img/blog/author.jpg]
[htmldemo.net/sinrato/sinrato/blog-details.html]
[htmldemo.net/sinrato/sinrato/assets/img/blog/blog7.jpg]
[htmldemo.net/sinrato/sinrato/blog-details-audio.html]
[htmldemo.net/sinrato/sinrato/blog-details-gallery.html]
[htmldemo.net/sinrato/sinrato/blog-details-video.html]
[htmldemo.net/sinrato/sinrato/blog-details-right-sidebar.html]
